[www.crantia.com/index.html]
[www.crantia.com/wp-content/themes/crantianewtheme/images/fav.png]
[www.crantia.com/wp-content/themes/crantianewtheme/css/bootstrap.min.css]
[www.crantia.com/wp-content/themes/crantianewtheme/css/styled764.css]
[www.crantia.com/wp-content/themes/crantianewtheme/css/navd764.css]
[www.crantia.com/wp-content/themes/crantianewtheme/css/responsived764.css]
[cdnjs.cloudflare.com/ajax/libs/OwlCarousel2/2.3.4/assets/owl.carousel.min.css]
[unpkg.com/aos@2.3.1/dist/aos.css]
[backblue.gif]
[fade.gif]
[index.html]
[unpkg.com/splitting@1.1.0/dist/splitting.css]
[www.crantia.com/wp-content/plugins/contact-form-7-image-captcha/css/cf7ic-style7433.css]
[www.crantia.com/wp-includes/css/dist/block-library/style.min380f.css]
[www.crantia.com/wp-content/plugins/contact-form-7/includes/css/stylesd9cd.css]
[www.crantia.com/wp-json/wp/v2/pages/11.json]
[www.crantia.com/wp-json/index.html]
[www.crantia.com/xmlrpc0db0.php]
[www.crantia.com/wp-json/oembed/1.0/embed9ae8.json]
[www.crantia.com/wp-json/oembed/1.0/embed963f]
[collectcdn.com/launcher.js]
[connect.facebook.net/en_US/fbevents.js]
[www.google-analytics.com/analytics.js]
[www.crantia.com/wp-content/themes/crantianewtheme/images/logo.svg]
[www.crantia.com/wp-content/themes/crantianewtheme/images/flag1.png]
[www.crantia.com/best-web-design-and-development-company-in-india/index.html]
[www.crantia.com/web-app-development/index.html]
[www.crantia.com/best-digital-marketing-company-in-trivandrum/index.html]
[www.crantia.com/ecommerce-development/index.html]
[www.crantia.com/branding/index.html]
[www.crantia.com/mobile-app-development/index.html]
[www.crantia.com/best-web-design-company-in-kerala/index.html]
[www.crantia.com/careers/index.html]
[www.crantia.com/clients/index.html]
[www.crantia.com/works-top-website-design-company/index.html]
[www.crantia.com/insights/index.html]
[www.crantia.com/contact/index.html]
[www.crantia.com/wp-content/themes/crantianewtheme/images/flag4.png]
[www.crantia.com/wp-content/themes/crantianewtheme/images/nav1.jpg]
[www.crantia.com/wp-content/themes/crantianewtheme/images/video3.mp4]
[www.crantia.com/wp-content/uploads/2024/01/cover-01-4-scaled.webp]
[www.crantia.com/wp-content/themes/crantianewtheme/images/arrow.png]
[www.crantia.com/wp-content/uploads/2024/01/cover-1-6.webp]
[www.crantia.com/woodshine/index.html]
[www.crantia.com/buildart-interior/index.html]
[www.crantia.com/wp-content/uploads/2023/12/cover1.webp]
[www.crantia.com/jesvil-trading-corporation/index.html]
[www.crantia.com/ilearn-ias/index.html]
[www.crantia.com/wp-content/uploads/2023/12/cover.webp]
[www.crantia.com/wp-content/uploads/2023/12/7-Best-SEO-Strategies-for-Ecommerce-Website.webp]
[www.crantia.com/wp-content/uploads/2023/12/synergies-seo-sea.webp]
[www.crantia.com/wp-content/uploads/2023/12/blog1.webp]
[www.crantia.com/wp-content/uploads/2024/05/ust-01.svg]
[www.crantia.com/wp-content/uploads/2024/05/c3.svg]
[www.crantia.com/ecommerce-seo-how-can-online-stores-increase-organic-traffic/index.html]
[www.crantia.com/wp-content/uploads/2024/05/c2.svg]
[www.crantia.com/wp-content/uploads/2024/05/Rectangle.svg]
[www.crantia.com/maximizing-your-results-the-synergy-between-seo-and-google-ads/index.html]
[www.crantia.com/wp-content/uploads/2024/05/logo2-1.svg]
[www.crantia.com/wp-content/uploads/2024/05/skizzle-01.svg]
[www.crantia.com/need-a-web-design-company-in-kerala-to-bring-your-business-idea-to-life/index.html]
[www.crantia.com/wp-content/uploads/2024/05/sadc-1.svg]
[www.crantia.com/wp-content/uploads/2024/05/igds.svg]
[www.crantia.com/wp-content/themes/crantianewtheme/images/cta.jpg]
[www.crantia.com/wp-content/themes/crantianewtheme/images/arrow.svg]
[www.crantia.com/wp-content/themes/crantianewtheme/images/google-firm.png]
[www.crantia.com/wp-content/themes/crantianewtheme/images/reviews.png]
[ajax.googleapis.com/ajax/libs/jquery/3.5.1/jquery.min.js]
[www.crantia.com/wp-content/themes/crantianewtheme/js/bootstrap.min.js]
[code.iconify.design/iconify-icon/1.0.2/iconify-icon.min.js]
[unpkg.com/aos@2.3.1/dist/aos.js]
[cdnjs.cloudflare.com/ajax/libs/OwlCarousel2/2.3.4/owl.carousel.js]
[cdnjs.cloudflare.com/ajax/libs/slick-carousel/1.6.0/slick.min.js]
[cdnjs.cloudflare.com/ajax/libs/gsap/3.12.2/gsap.min.js]
[unpkg.com/splitting@1.1.0/dist/splitting.js]
[unpkg.com/scroll-out@2.2.12/dist/scroll-out.js]
[cdnjs.cloudflare.com/ajax/libs/gsap/3.4.0/gsap.min.js]
[cdnjs.cloudflare.com/ajax/libs/gsap/3.12.2/ScrollTrigger.min.js]
[www.crantia.com/wp-content/plugins/international-telephone-input-for-contact-form-7/vendor/intl-tel-input/css/intlTelInput.minf145.css]
[www.crantia.com/wp-content/plugins/contact-form-7/includes/swv/js/indexd9cd.js]
[www.crantia.com/wp-content/plugins/contact-form-7/includes/js/indexd9cd.js]
[www.crantia.com/wp-includes/js/jquery/jquery.minf43b.js]
[www.crantia.com/wp-includes/js/jquery/jquery-migrate.min5589.js]
[www.crantia.com/wp-content/plugins/international-telephone-input-for-contact-form-7/vendor/intl-tel-input/js/intlTelInput.minf145.js]
[www.crantia.com/wp-content/plugins/international-telephone-input-for-contact-form-7/assets/js/script.min2fca.js]
[www.crantia.com/index.html]
[www.crantia.com/wp-content/themes/crantianewtheme/css/bootstrap.min.css]
[www.crantia.com/wp-content/themes/crantianewtheme/images/logo.png]
[www.crantia.com/wp-content/themes/crantianewtheme/css/styled764.css]
[www.crantia.com/wp-content/themes/crantianewtheme/css/navd764.css]
[www.crantia.com/wp-content/themes/crantianewtheme/css/responsived764.css]
[cdnjs.cloudflare.com/ajax/libs/OwlCarousel2/2.3.4/assets/owl.carousel.min.css]
[unpkg.com/aos@2.3.1/dist/aos.css]
[unpkg.com/splitting@1.1.0/dist/splitting.css]
[www.crantia.com/wp-content/plugins/contact-form-7-image-captcha/css/cf7ic-style7433.css]
[www.crantia.com/wp-includes/css/dist/block-library/style.min380f.css]
[www.crantia.com/wp-content/plugins/contact-form-7/includes/css/stylesd9cd.css]
[cdnjs.cloudflare.com/ajax/libs/OwlCarousel2/2.3.4/assets/owl.video.play.png]
[www.crantia.com/alan-feldman-public-school/index.html]
[www.crantia.com/POST]
[www.crantia.com/b.resolvedLink]
[www.crantia.com/signals/iwl.js]
[connect.facebook.net/en_US/fbevents.js]
[www.crantia.com/wp-content/themes/crantianewtheme/images/logo.svg]
[www.crantia.com/schema.org/index.html]
[www.crantia.com/wp-content/themes/crantianewtheme/css/style50df.css]
[www.crantia.com/wp-content/themes/crantianewtheme/css/nav50df.css]
[www.crantia.com/wp-content/themes/crantianewtheme/css/responsive50df.css]
[www.crantia.com/wp-json/wp/v2/pages/27.json]
[www.crantia.com/wp-json/oembed/1.0/embed2aba.json]
[www.crantia.com/wp-json/oembed/1.0/embedfb01]
[www.crantia.com/wp-content/themes/crantianewtheme/images/web-design.jpg]
[www.crantia.com/wp-content/themes/crantianewtheme/images/s1.svg]
[www.crantia.com/wp-content/themes/crantianewtheme/images/s2.svg]
[www.crantia.com/wp-content/themes/crantianewtheme/images/s3.svg]
[www.crantia.com/wp-content/themes/crantianewtheme/images/s4.svg]
[www.crantia.com/wp-content/themes/crantianewtheme/images/s5.svg]
[www.crantia.com/wp-content/themes/crantianewtheme/images/s6.svg]
[www.crantia.com/wp-content/themes/crantianewtheme/images/s7.svg]
[www.crantia.com/wordpress-websites/index.html]
[www.crantia.com/wp-content/themes/crantianewtheme/images/tools/webdesign/angular1.png]
[www.crantia.com/wp-content/themes/crantianewtheme/images/tools/webdesign/bootstrap.png]
[www.crantia.com/wp-content/themes/crantianewtheme/images/tools/webdesign/css31.png]
[www.crantia.com/wp-content/themes/crantianewtheme/images/tools/webdesign/figma1.png]
[www.crantia.com/wp-content/themes/crantianewtheme/images/tools/webdesign/html51.png]
[www.crantia.com/wp-content/themes/crantianewtheme/images/tools/webdesign/javascript1.png]
[www.crantia.com/wp-content/themes/crantianewtheme/images/tools/webdesign/jquery1.png]
[www.crantia.com/wp-content/themes/crantianewtheme/images/tools/webdesign/mysql1.png]
[www.crantia.com/wp-content/themes/crantianewtheme/images/tools/webdesign/photoshop1.png]
[www.crantia.com/wp-content/themes/crantianewtheme/images/tools/webdesign/react1.png]
[www.crantia.com/wp-content/themes/crantianewtheme/images/tools/webdesign/tailwind1.png]
[www.crantia.com/wp-content/themes/crantianewtheme/images/tools/webdesign/visual_studio1.png]
[www.crantia.com/wp-content/themes/crantianewtheme/images/tools/webdesign/wordpress1.png]
[www.crantia.com/wp-content/themes/crantianewtheme/images/tools/webdesign/webflow1.png]
[www.crantia.com/wp-content/themes/crantianewtheme/images/tools/webdesign/wix1.png]
[www.crantia.com/wp-content/themes/crantianewtheme/images/tools/webdesign/xd1.png]
[www.crantia.com/wp-content/uploads/2024/05/cover-01-01.webp]
[www.crantia.com/sra-technical-services/index.html]
[www.crantia.com/zypher/index.html]
[www.crantia.com/wp-content/uploads/2024/05/cover.webp]
[www.crantia.com/best-web-design-and-development-company-in-india/index.html]
[www.crantia.com/wp-content/themes/crantianewtheme/images/quotes.svg]
[www.crantia.com/wp-json/wp/v2/pages/29.json]
[www.crantia.com/wp-json/oembed/1.0/embed452d.json]
[www.crantia.com/wp-json/oembed/1.0/embed78e3]
[www.crantia.com/wp-content/themes/crantianewtheme/images/web-app-development.jpg]
[www.crantia.com/wp-content/themes/crantianewtheme/images/tools/web_app_development/html51.png]
[www.crantia.com/wp-content/themes/crantianewtheme/images/tools/web_app_development/aws1.png]
[www.crantia.com/wp-content/themes/crantianewtheme/images/tools/web_app_development/azure1.png]
[www.crantia.com/wp-content/themes/crantianewtheme/images/tools/web_app_development/mysql1.png]
[www.crantia.com/wp-content/themes/crantianewtheme/images/tools/web_app_development/codelignator1.png]
[www.crantia.com/wp-content/themes/crantianewtheme/images/tools/web_app_development/css31.png]
[www.crantia.com/wp-content/themes/crantianewtheme/images/tools/web_app_development/jquery1.png]
[www.crantia.com/wp-content/themes/crantianewtheme/images/tools/web_app_development/laravel1.png]
[www.crantia.com/wp-content/themes/crantianewtheme/images/tools/web_app_development/mongodb1.png]
[www.crantia.com/wp-content/themes/crantianewtheme/images/tools/web_app_development/nextjs1.png]
[www.crantia.com/wp-content/themes/crantianewtheme/images/tools/web_app_development/nodejs1.png]
[www.crantia.com/wp-content/themes/crantianewtheme/images/tools/web_app_development/php1.png]
[www.crantia.com/wp-content/themes/crantianewtheme/images/tools/web_app_development/react1.png]
[www.crantia.com/web-app-development/index.html]
[www.crantia.com/wp-content/themes/crantianewtheme/css/style1523.css]
[www.crantia.com/wp-content/themes/crantianewtheme/css/nav1523.css]
[www.crantia.com/wp-content/themes/crantianewtheme/css/responsive1523.css]
[www.crantia.com/wp-json/wp/v2/pages/31.json]
[www.crantia.com/wp-json/oembed/1.0/embedfe7c.json]
[www.crantia.com/wp-json/oembed/1.0/embed45c2]
[www.crantia.com/wp-content/themes/crantianewtheme/images/digital-marketing.jpg]
[www.crantia.com/wp-content/themes/crantianewtheme/images/tools/digital_marketing/ahrefs1.png]
[www.crantia.com/wp-content/themes/crantianewtheme/images/tools/digital_marketing/google_ads1.png]
[www.crantia.com/wp-content/themes/crantianewtheme/images/tools/digital_marketing/google_analytics1.png]
[www.crantia.com/wp-content/themes/crantianewtheme/images/tools/digital_marketing/meta1.png]
[www.crantia.com/wp-content/themes/crantianewtheme/images/tools/digital_marketing/google_search_console1.png]
[www.crantia.com/social-media-marketing/index.html]
[www.crantia.com/wp-content/themes/crantianewtheme/images/tools/digital_marketing/grammarly1.png]
[www.crantia.com/wp-content/themes/crantianewtheme/images/tools/digital_marketing/moz1.png]
[www.crantia.com/search-engine-optimization/index.html]
[www.crantia.com/wp-content/themes/crantianewtheme/images/tools/digital_marketing/semrush1.png]
[www.crantia.com/wp-content/themes/crantianewtheme/images/tools/digital_marketing/ubersuggest1.png]
[www.crantia.com/wp-content/themes/crantianewtheme/images/tools/digital_marketing/yoast1.png]
[www.crantia.com/wp-content/uploads/2024/02/cover-01-5.webp]
[www.crantia.com/wp-content/uploads/2024/02/1-01.webp]
[www.crantia.com/best-digital-marketing-company-in-trivandrum/index.html]
[www.crantia.com/ancy-home-nursing/index.html]
[www.crantia.com/wp-content/themes/crantianewtheme/css/stylea297.css]
[www.crantia.com/bimlabs/index.html]
[www.crantia.com/wp-content/themes/crantianewtheme/css/nava297.css]
[www.crantia.com/wp-content/themes/crantianewtheme/css/responsivea297.css]
[www.crantia.com/wp-json/wp/v2/pages/33.json]
[www.crantia.com/wp-json/oembed/1.0/embedbefa.json]
[www.crantia.com/wp-json/oembed/1.0/embedcb63]
[www.crantia.com/wp-content/themes/crantianewtheme/images/ecommerce.jpg]
[www.crantia.com/wp-content/themes/crantianewtheme/images/tools/ecommerce_developmwnt/magento1.png]
[www.crantia.com/wp-content/themes/crantianewtheme/images/tools/ecommerce_developmwnt/shopify1.png]
[www.crantia.com/wp-content/themes/crantianewtheme/images/tools/ecommerce_developmwnt/woo_commerce1.png]
[www.crantia.com/wp-content/themes/crantianewtheme/images/tools/ecommerce_developmwnt/appacheserver1.png]
[www.crantia.com/wp-content/themes/crantianewtheme/images/tools/ecommerce_developmwnt/codelignator1.png]
[www.crantia.com/wp-content/themes/crantianewtheme/images/tools/ecommerce_developmwnt/laravel1.png]
[www.crantia.com/wp-content/themes/crantianewtheme/images/tools/ecommerce_developmwnt/mongodb1.png]
[www.crantia.com/wp-content/themes/crantianewtheme/images/tools/ecommerce_developmwnt/mysql1.png]
[www.crantia.com/wp-content/themes/crantianewtheme/images/tools/ecommerce_developmwnt/php1.png]
[www.crantia.com/ecommerce-development/index.html]
[www.crantia.com/wp-content/themes/crantianewtheme/css/stylea6a2.css]
[www.crantia.com/wp-content/themes/crantianewtheme/css/nava6a2.css]
[www.crantia.com/wp-content/themes/crantianewtheme/css/responsivea6a2.css]
[www.crantia.com/wp-json/wp/v2/pages/35.json]
[www.crantia.com/wp-json/oembed/1.0/embed0a42.json]
[www.crantia.com/wp-json/oembed/1.0/embed65f6]
[www.crantia.com/wp-content/themes/crantianewtheme/images/mobile-app-development.jpg]
[www.crantia.com/wp-content/themes/crantianewtheme/images/tools/mobile_app_development/android1.png]
[www.crantia.com/wp-content/themes/crantianewtheme/images/tools/mobile_app_development/firebase1.png]
[www.crantia.com/wp-content/themes/crantianewtheme/images/tools/mobile_app_development/flutter1.png]
[www.crantia.com/wp-content/themes/crantianewtheme/images/tools/mobile_app_development/reactnative1.png]
[www.crantia.com/mobile-app-development/index.html]
[www.crantia.com/wp-content/themes/crantianewtheme/images/tools/mobile_app_development/ios1.png]
[www.crantia.com/wp-json/wp/v2/pages/37.json]
[www.crantia.com/wp-json/oembed/1.0/embedebdb.json]
[www.crantia.com/wp-json/oembed/1.0/embed1d9a]
[www.crantia.com/wp-content/themes/crantianewtheme/images/branding.jpg]
[www.crantia.com/wp-content/themes/crantianewtheme/images/tools/branding/aftereffect1.png]
[www.crantia.com/wp-content/themes/crantianewtheme/images/tools/branding/canva1.png]
[www.crantia.com/wp-content/themes/crantianewtheme/images/tools/branding/davinci.png]
[www.crantia.com/wp-content/themes/crantianewtheme/images/tools/branding/illastrator1.png]
[www.crantia.com/wp-content/themes/crantianewtheme/images/tools/branding/photoshop1.png]
[www.crantia.com/wp-content/themes/crantianewtheme/images/tools/branding/premierpro1.png]
[www.crantia.com/branding/index.html]
[www.crantia.com/wp-json/wp/v2/pages/13.json]
[www.crantia.com/wp-json/oembed/1.0/embed0a65.json]
[www.crantia.com/wp-json/oembed/1.0/embedf640]
[www.crantia.com/wp-content/themes/crantianewtheme/images/service.jpg]
[www.crantia.com/wp-content/uploads/2024/05/insidestory.svg]
[www.crantia.com/best-web-design-company-in-kerala/index.html]
[www.crantia.com/wp-content/uploads/2024/05/radianz.svg]
[www.crantia.com/wp-content/themes/crantianewtheme/css/style1560.css]
[www.crantia.com/wp-content/themes/crantianewtheme/css/nav1560.css]
[www.crantia.com/wp-content/themes/crantianewtheme/css/responsive1560.css]
[www.crantia.com/wp-json/wp/v2/pages/16.json]
[www.crantia.com/wp-json/oembed/1.0/embed3e1a.json]
[www.crantia.com/wp-json/oembed/1.0/embed2ceb]
[www.crantia.com/wp-content/themes/crantianewtheme/images/career1.png]
[www.crantia.com/wp-content/themes/crantianewtheme/images/career2.png]
[www.crantia.com/wp-content/themes/crantianewtheme/images/career3.png]
[www.crantia.com/wp-content/themes/crantianewtheme/images/career4.png]
[www.crantia.com/wp-content/uploads/2023/12/c2.webp]
[www.crantia.com/wp-content/uploads/2023/12/c1.webp]
[www.crantia.com/wp-content/uploads/2023/12/c7.webp]
[www.crantia.com/wp-content/uploads/2023/12/c3.webp]
[www.crantia.com/wp-content/uploads/2023/12/c4.webp]
[www.crantia.com/wp-content/uploads/2023/12/c5.webp]
[www.crantia.com/wp-content/uploads/2023/12/c6.webp]
[www.crantia.com/careers/index.html]
[www.crantia.com/wp-json/wp/v2/pages/20.json]
[www.crantia.com/wp-json/oembed/1.0/embed449f.json]
[www.crantia.com/wp-json/oembed/1.0/embed6fd1]
[www.crantia.com/wp-content/uploads/2024/05/zoeoverseas.svg]
[www.crantia.com/wp-content/uploads/2024/05/s2homes.svg]
[www.crantia.com/wp-content/uploads/2024/05/nanogence.svg]
[www.crantia.com/wp-content/uploads/2024/05/logo3.svg]
[www.crantia.com/wp-content/uploads/2024/05/logo-5.svg]
[www.crantia.com/wp-content/uploads/2024/05/footerlogo.svg]
[www.crantia.com/wp-content/uploads/2024/05/Vector-4.svg]
[www.crantia.com/wp-content/uploads/2024/05/mathatituyoga.svg]
[www.crantia.com/wp-content/uploads/2024/05/mindminders.svg]
[www.crantia.com/wp-content/uploads/2024/05/systeller.svg]
[www.crantia.com/wp-content/uploads/2024/05/egl.svg]
[www.crantia.com/wp-content/uploads/2024/05/efficient.svg]
[www.crantia.com/wp-content/uploads/2024/05/animac.svg]
[www.crantia.com/wp-content/uploads/2024/05/eaglelogo.svg]
[www.crantia.com/wp-content/uploads/2024/05/jes.svg]
[www.crantia.com/wp-content/uploads/2024/05/logo-4.svg]
[www.crantia.com/wp-content/uploads/2024/05/logo-1536x355-1.svg]
[www.crantia.com/wp-content/uploads/2024/05/c11.svg]
[www.crantia.com/wp-content/uploads/2024/05/c9.svg]
[www.crantia.com/wp-content/uploads/2024/05/c8.svg]
[www.crantia.com/wp-content/uploads/2024/05/c5.svg]
[www.crantia.com/wp-content/uploads/2024/05/c4.svg]
[www.crantia.com/wp-content/uploads/2024/05/1715339413773-removebg-preview.svg]
[www.crantia.com/wp-content/uploads/2024/05/build.svg]
[www.crantia.com/wp-content/uploads/2024/05/Vector-2.svg]
[www.crantia.com/wp-content/uploads/2024/05/optime-01.svg]
[www.crantia.com/clients/index.html]
[www.crantia.com/wp-content/uploads/2024/05/car.svg]
[www.crantia.com/wp-content/themes/crantianewtheme/css/stylefb09.css]
[www.crantia.com/wp-content/themes/crantianewtheme/css/navfb09.css]
[www.crantia.com/wp-content/themes/crantianewtheme/css/responsivefb09.css]
[www.crantia.com/wp-json/wp/v2/pages/39.json]
[www.crantia.com/wp-json/oembed/1.0/embed44e0.json]
[www.crantia.com/wp-json/oembed/1.0/embed8abb]
[www.crantia.com/wp-content/uploads/2024/02/cover-01-25-scaled.webp]
[www.crantia.com/pinnacle/index.html]
[www.crantia.com/wp-content/uploads/2024/01/cover-5.webp]
[www.crantia.com/mojo-homes/index.html]
[www.crantia.com/wp-content/uploads/2024/02/cover-01-24-scaled.webp]
[www.crantia.com/wp-content/uploads/2024/01/cover-01-1-scaled.webp]
[www.crantia.com/naveen/index.html]
[www.crantia.com/wp-content/uploads/2024/01/cover-1-5.webp]
[www.crantia.com/wp-content/uploads/2024/01/cover-01.webp]
[www.crantia.com/optime/index.html]
[www.crantia.com/wp-content/uploads/2024/01/cover-1-3.webp]
[www.crantia.com/works-top-website-design-company/index.html]
[www.crantia.com/igds/index.html]
[www.crantia.com/e2p/index.html]
[www.crantia.com/amyntor-tech-solutions/index.html]
[www.crantia.com/wp-json/wp/v2/pages/18.json]
[www.crantia.com/wp-json/oembed/1.0/embed1351.json]
[www.crantia.com/wp-json/oembed/1.0/embed1f8c]
[www.crantia.com/wp-content/uploads/2024/02/Artificial-Intelligence-in-Web-Development.webp]
[www.crantia.com/wp-content/uploads/2024/02/Why-digital-marketing-is-important-elements-of-Digital-Marketing-source-maximumnetgain-1024x618-1.webp]
[www.crantia.com/wp-content/uploads/2024/02/How_To_Create_a_Successful_Website_Article_Cover.webp]
[www.crantia.com/how-to-use-ai-in-web-development/index.html]
[www.crantia.com/wp-content/uploads/2024/02/The-Future-of-Web-3.0-758x424-1.webp]
[www.crantia.com/digital-media-strategies-for-businesses-in-trivandrum/index.html]
[www.crantia.com/wp-content/uploads/2024/02/blog7.webp]
[www.crantia.com/web-3-0-a-beginners-guide/index.html]
[www.crantia.com/wp-content/uploads/2024/02/blog6.webp]
[www.crantia.com/how-to-create-a-successful-website-that-ranks-gets-read-and-converts/index.html]
[www.crantia.com/wp-content/uploads/2024/02/blog5.webp]
[www.crantia.com/9-best-multipurpose-wordpress-themes/index.html]
[www.crantia.com/wp-content/uploads/2024/02/image_2022_06_24T12_06_31_182Z-1.webp]
[www.crantia.com/new-seo-strategies-for-a-perfect-content-development/index.html]
[www.crantia.com/building-a-brand-strategy-essentials-for-long-term-success/index.html]
[www.crantia.com/wp-content/uploads/2024/02/bestwptipstricks.webp]
[www.crantia.com/insights/index.html]
[www.crantia.com/the-future-and-scope-of-web-development-in-2022-through-the-eyes-of-best-web-development-companies-in-kerala/index.html]
[www.crantia.com/wp-json/wp/v2/pages/22.json]
[www.crantia.com/insights/page/2/index.html]
[www.crantia.com/wp-json/oembed/1.0/embedc743.json]
[www.crantia.com/latest-tips-for-designing-wordpress-websites-in-2022/index.html]
[www.crantia.com/contact/index.html]
[www.crantia.com/wp-json/oembed/1.0/embed35b3]
[www.crantia.com/wp-content/themes/crantianewtheme/css/style1156.css]
[www.crantia.com/wp-content/themes/crantianewtheme/css/nav1156.css]
[www.crantia.com/wp-content/themes/crantianewtheme/css/responsive1156.css]
[www.crantia.com/wp-json/wp/v2/posts/256.json]
[www.crantia.com/wp-json/oembed/1.0/embed6298.json]
[www.crantia.com/wp-json/oembed/1.0/embed4356]
[www.crantia.com/woodshine/feed/index.html]
[www.crantia.com/wp-content/uploads/2024/01/mc-1-01-scaled.webp]
[www.crantia.com/wp-content/uploads/2024/01/mc-2-01-3-scaled.webp]
[www.crantia.com/wp-content/uploads/2024/01/mc3-01-2-scaled.webp]
[www.crantia.com/woodshine/index.html]
[www.crantia.com/wp-content/uploads/2024/05/cover-01-4.webp]
[www.crantia.com/merit-technical-services/index.html]
[www.crantia.com/wp-json/wp/v2/posts/166.json]
[www.crantia.com/buildart-interior/feed/index.html]
[www.crantia.com/wp-json/oembed/1.0/embedd845.json]
[www.crantia.com/wp-json/oembed/1.0/embed3f55]
[www.crantia.com/wp-content/uploads/2024/01/mock-3.webp]
[www.crantia.com/wp-content/uploads/2024/01/mock-4.webp]
[www.crantia.com/wp-content/uploads/2024/01/mock-1.webp]
[www.crantia.com/wp-content/uploads/2024/01/mock-2.webp]
[www.crantia.com/buildart-interior/index.html]
[www.crantia.com/wp-content/themes/crantianewtheme/css/style283d.css]
[www.crantia.com/wp-content/themes/crantianewtheme/css/nav283d.css]
[www.crantia.com/wp-content/themes/crantianewtheme/css/responsive283d.css]
[www.crantia.com/wp-json/wp/v2/posts/127.json]
[www.crantia.com/jesvil-trading-corporation/feed/index.html]
[www.crantia.com/wp-json/oembed/1.0/embed7896.json]
[www.crantia.com/wp-json/oembed/1.0/embed0319]
[www.crantia.com/wp-content/uploads/2023/12/m1.webp]
[www.crantia.com/wp-content/uploads/2023/12/m2.webp]
[www.crantia.com/wp-content/uploads/2023/12/m3.webp]
[www.crantia.com/jesvil-trading-corporation/index.html]
[www.crantia.com/wp-json/wp/v2/posts/121.json]
[www.crantia.com/wp-json/oembed/1.0/embed268e.json]
[www.crantia.com/ilearn-ias/feed/index.html]
[www.crantia.com/wp-json/oembed/1.0/embed916c]
[www.crantia.com/wp-content/uploads/2023/12/mc3.webp]
[www.crantia.com/wp-content/uploads/2023/12/mc2.webp]
[www.crantia.com/wp-content/uploads/2023/12/mc1.webp]
[www.crantia.com/ilearn-ias/index.html]
[www.crantia.com/wp-content/themes/crantianewtheme/css/stylec841.css]
[www.crantia.com/wp-content/themes/crantianewtheme/css/navc841.css]
[www.crantia.com/wp-content/themes/crantianewtheme/css/responsivec841.css]
[www.crantia.com/wp-json/wp/v2/posts/74.json]
[www.crantia.com/wp-json/oembed/1.0/embede0bb.json]
[www.crantia.com/ecommerce-seo-how-can-online-stores-increase-organic-traffic/feed/index.html]
[www.crantia.com/wp-json/oembed/1.0/embed3e1e]
[www.crantia.com/ecommerce-seo-how-can-online-stores-increase-organic-traffic/index.html]
[www.crantia.com/wp-content/themes/crantianewtheme/css/stylebce3.css]
[www.crantia.com/wp-content/themes/crantianewtheme/css/navbce3.css]
[www.crantia.com/wp-content/themes/crantianewtheme/css/responsivebce3.css]
[www.crantia.com/wp-json/wp/v2/posts/71.json]
[www.crantia.com/maximizing-your-results-the-synergy-between-seo-and-google-ads/feed/index.html]
[www.crantia.com/wp-json/oembed/1.0/embedb1bc.json]
[www.crantia.com/maximizing-your-results-the-synergy-between-seo-and-google-ads/index.html]
[www.crantia.com/wp-json/oembed/1.0/embed9e65]
[www.crantia.com/wp-content/themes/crantianewtheme/css/style21cd.css]
[www.crantia.com/wp-content/themes/crantianewtheme/css/nav21cd.css]
[www.crantia.com/wp-content/themes/crantianewtheme/css/responsive21cd.css]
[www.crantia.com/wp-json/wp/v2/posts/68.json]
[www.crantia.com/need-a-web-design-company-in-kerala-to-bring-your-business-idea-to-life/feed/index.html]
[www.crantia.com/wp-json/oembed/1.0/embedfc98.json]
[www.crantia.com/wp-json/oembed/1.0/embed8c56]
[www.crantia.com/need-a-web-design-company-in-kerala-to-bring-your-business-idea-to-life/index.html]
[www.crantia.com/wp-content/uploads/2024/05/ust-01.svg]
[www.crantia.com/wp-content/uploads/2024/05/c3.svg]
[www.crantia.com/wp-content/uploads/2024/05/c2.svg]
[www.crantia.com/wp-content/uploads/2024/05/Rectangle.svg]
[www.crantia.com/wp-content/uploads/2024/05/logo2-1.svg]
[www.crantia.com/wp-content/uploads/2024/05/skizzle-01.svg]
[www.crantia.com/wp-content/uploads/2024/05/sadc-1.svg]
[www.crantia.com/wp-content/uploads/2024/05/igds.svg]
[www.crantia.com/wp-content/themes/crantianewtheme/images/arrow.svg]
[www.crantia.com/wp-content/themes/crantianewtheme/js/bootstrap.min.js]
[www.crantia.com/wp-content/plugins/international-telephone-input-for-contact-form-7/vendor/intl-tel-input/img/flags.png]
[www.crantia.com/wp-content/plugins/international-telephone-input-for-contact-form-7/vendor/intl-tel-input/css/intlTelInput.minf145.css]
[www.crantia.com/wp-content/plugins/international-telephone-input-for-contact-form-7/vendor/intl-tel-input/img/flags@2x.png]
[cdnjs.cloudflare.com/ajax/libs/gsap/3.3.3/ScrollTrigger.min.js]
[www.crantia.com/wp-content/plugins/contact-form-7/includes/swv/js/indexd9cd.js]
[www.crantia.com/wp-content/plugins/contact-form-7/includes/js/indexd9cd.js]
[www.crantia.com/wp-includes/js/jquery/jquery.minf43b.js]
[www.crantia.com/wp-includes/js/jquery/jquery-migrate.min5589.js]
[www.crantia.com/wp-content/plugins/international-telephone-input-for-contact-form-7/vendor/intl-tel-input/js/intlTelInput.minf145.js]
[www.crantia.com/wp-content/plugins/international-telephone-input-for-contact-form-7/assets/js/script.min2fca.js]
[www.crantia.com/wp-content/themes/crantianewtheme/images/logo.html]
[www.crantia.com/wp-content/themes/crantianewtheme/css/stylea392.css]
[www.crantia.com/wp-content/themes/crantianewtheme/css/nava392.css]
[www.crantia.com/wp-content/themes/crantianewtheme/css/responsivea392.css]
[www.crantia.com/wp-json/wp/v2/posts/285.json]
[www.crantia.com/alan-feldman-public-school/feed/index.html]
[www.crantia.com/wp-json/oembed/1.0/embed3afe.json]
[www.crantia.com/wp-json/oembed/1.0/embed83f2]
[www.crantia.com/wp-content/uploads/2024/02/mc-3.webp]
[www.crantia.com/wp-content/uploads/2024/02/mc-2.webp]
[www.crantia.com/alan-feldman-public-school/index.html]
[www.crantia.com/POST.html]
[www.crantia.com/schema.org/index.html]
[www.crantia.com/b.html]
[www.crantia.com/signals/iwl.html]
[www.crantia.com/wp-content/themes/crantianewtheme/css/style50df.css]
[www.crantia.com/wp-content/themes/crantianewtheme/css/nav50df.css]
[www.crantia.com/wp-content/themes/crantianewtheme/css/responsive50df.css]
[www.crantia.com/index1c4a.html]
[www.crantia.com/wp-content/themes/crantianewtheme/images/s1.svg]
[www.crantia.com/wp-content/themes/crantianewtheme/images/s2.svg]
[www.crantia.com/wp-content/themes/crantianewtheme/images/s3.svg]
[www.crantia.com/wp-content/themes/crantianewtheme/images/s4.svg]
[www.crantia.com/wp-content/themes/crantianewtheme/images/s5.svg]
[www.crantia.com/wp-content/uploads/2024/02/mc-1-01.webp]
[www.crantia.com/wp-content/themes/crantianewtheme/css/style3914.css]
[www.crantia.com/wp-content/themes/crantianewtheme/css/nav3914.css]
[www.crantia.com/wp-content/themes/crantianewtheme/css/responsive3914.css]
[www.crantia.com/wp-json/wp/v2/pages/140.json]
[www.crantia.com/wp-json/oembed/1.0/embeda8a2.json]
[www.crantia.com/wp-json/oembed/1.0/embedcf17]
[www.crantia.com/wp-content/themes/crantianewtheme/images/word_press/word1.svg]
[www.crantia.com/wp-content/themes/crantianewtheme/images/word_press/word2.svg]
[www.crantia.com/wp-content/themes/crantianewtheme/images/word_press/word3.svg]
[www.crantia.com/wp-content/themes/crantianewtheme/images/word_press/word4.svg]
[www.crantia.com/wp-content/themes/crantianewtheme/images/word_press/word5.svg]
[www.crantia.com/wp-content/themes/crantianewtheme/images/word_press/word6.svg]
[www.crantia.com/wp-content/themes/crantianewtheme/images/word_press/word7.svg]
[www.crantia.com/wp-content/themes/crantianewtheme/images/word_press/word8.svg]
[www.crantia.com/wp-content/themes/crantianewtheme/images/word_press/word9.svg]
[www.crantia.com/wordpress-websites/index.html]
[www.crantia.com/wp-content/themes/crantianewtheme/images/word_press/word10.svg]
[www.crantia.com/wp-content/themes/crantianewtheme/images/s6.svg]
[www.crantia.com/wp-content/themes/crantianewtheme/images/s7.svg]
[www.crantia.com/wp-content/themes/crantianewtheme/css/style9b3a.css]
[www.crantia.com/wp-content/themes/crantianewtheme/css/nav9b3a.css]
[www.crantia.com/wp-content/themes/crantianewtheme/css/responsive9b3a.css]
[www.crantia.com/sra-technical-services/feed/index.html]
[www.crantia.com/wp-json/wp/v2/posts/785.json]
[www.crantia.com/wp-json/oembed/1.0/embed3139.json]
[www.crantia.com/wp-json/oembed/1.0/embedf73e]
[www.crantia.com/wp-content/uploads/2024/05/1-01-1.webp]
[www.crantia.com/wp-content/uploads/2024/05/2-01-1.webp]
[www.crantia.com/wp-content/uploads/2024/05/3-01-1.webp]
[www.crantia.com/sra-technical-services/index.html]
[www.crantia.com/wp-content/themes/crantianewtheme/css/style09bd.css]
[www.crantia.com/wp-content/themes/crantianewtheme/css/nav09bd.css]
[www.crantia.com/wp-content/themes/crantianewtheme/css/responsive09bd.css]
[www.crantia.com/wp-json/wp/v2/posts/777.json]
[www.crantia.com/wp-json/oembed/1.0/embedc56b.json]
[www.crantia.com/zypher/feed/index.html]
[www.crantia.com/wp-json/oembed/1.0/embed825a]
[www.crantia.com/wp-content/uploads/2024/05/1.webp]
[www.crantia.com/wp-content/uploads/2024/05/2-1.webp]
[www.crantia.com/zypher/index.html]
[www.crantia.com/wp-content/themes/crantianewtheme/images/quotes.svg]
[www.crantia.com/index9cd7.html]
[www.crantia.com/wp-content/themes/crantianewtheme/css/style1523.css]
[www.crantia.com/wp-content/themes/crantianewtheme/css/nav1523.css]
[www.crantia.com/wp-content/themes/crantianewtheme/css/responsive1523.css]
[www.crantia.com/indexc7e3.html]
[www.crantia.com/wp-content/themes/crantianewtheme/css/style652e.css]
[www.crantia.com/wp-content/themes/crantianewtheme/css/nav652e.css]
[www.crantia.com/wp-content/themes/crantianewtheme/css/responsive652e.css]
[www.crantia.com/wp-json/wp/v2/pages/622.json]
[www.crantia.com/wp-json/oembed/1.0/embed2d68.json]
[www.crantia.com/wp-json/oembed/1.0/embede1c9]
[www.crantia.com/wp-content/themes/crantianewtheme/images/social_media_marketing/brand.svg]
[www.crantia.com/wp-content/themes/crantianewtheme/images/social_media_marketing/content.svg]
[www.crantia.com/wp-content/themes/crantianewtheme/images/social_media_marketing/channel.svg]
[www.crantia.com/wp-content/themes/crantianewtheme/images/social_media_marketing/content_copy.svg]
[www.crantia.com/wp-content/themes/crantianewtheme/images/social_media_marketing/social_creatives.svg]
[www.crantia.com/wp-content/themes/crantianewtheme/images/social_media_marketing/social_management.svg]
[www.crantia.com/wp-content/themes/crantianewtheme/images/social_media_marketing/paid_ads.svg]
[www.crantia.com/wp-content/themes/crantianewtheme/images/social_media_marketing/influencer.svg]
[www.crantia.com/wp-content/themes/crantianewtheme/images/social_media_marketing/reporting.svg]
[www.crantia.com/wp-content/themes/crantianewtheme/images/social_media_marketing/support.svg]
[www.crantia.com/social-media-marketing/index.html]
[www.crantia.com/wp-content/themes/crantianewtheme/css/style93f8.css]
[www.crantia.com/wp-content/themes/crantianewtheme/css/nav93f8.css]
[www.crantia.com/wp-content/themes/crantianewtheme/css/responsive93f8.css]
[www.crantia.com/wp-json/wp/v2/pages/620.json]
[www.crantia.com/wp-json/oembed/1.0/embed8730.json]
[www.crantia.com/wp-json/oembed/1.0/embed421b]
[www.crantia.com/wp-content/themes/crantianewtheme/images/seo/seo1.svg]
[www.crantia.com/wp-content/themes/crantianewtheme/images/seo/seo2.svg]
[www.crantia.com/wp-content/themes/crantianewtheme/images/seo/seo3.svg]
[www.crantia.com/wp-content/themes/crantianewtheme/images/seo/seo4.svg]
[www.crantia.com/wp-content/themes/crantianewtheme/images/seo/seo5.svg]
[www.crantia.com/wp-content/themes/crantianewtheme/images/seo/seo6.svg]
[www.crantia.com/wp-content/themes/crantianewtheme/images/seo/seo7.svg]
[www.crantia.com/wp-content/themes/crantianewtheme/images/seo/seo8.svg]
[www.crantia.com/wp-content/themes/crantianewtheme/images/seo/seo9.svg]
[www.crantia.com/search-engine-optimization/index.html]
[www.crantia.com/wp-content/themes/crantianewtheme/images/seo/seo10.svg]
[www.crantia.com/wp-content/themes/crantianewtheme/css/styled212.css]
[www.crantia.com/wp-content/themes/crantianewtheme/css/navd212.css]
[www.crantia.com/wp-content/themes/crantianewtheme/css/responsived212.css]
[www.crantia.com/wp-json/wp/v2/posts/355.json]
[www.crantia.com/wp-json/oembed/1.0/embedbd2a.json]
[www.crantia.com/ancy-home-nursing/feed/index.html]
[www.crantia.com/wp-json/oembed/1.0/embed7e36]
[www.crantia.com/wp-content/uploads/2024/02/mc-1-01-6.webp]
[www.crantia.com/wp-content/uploads/2024/02/mc-2-01-3.webp]
[www.crantia.com/ancy-home-nursing/index.html]
[www.crantia.com/wp-content/themes/crantianewtheme/css/style020e.css]
[www.crantia.com/wp-content/themes/crantianewtheme/css/nav020e.css]
[www.crantia.com/wp-content/themes/crantianewtheme/css/responsive020e.css]
[www.crantia.com/wp-json/wp/v2/posts/363.json]
[www.crantia.com/wp-json/oembed/1.0/embedc20b.json]
[www.crantia.com/wp-json/oembed/1.0/embed1f1d]
[www.crantia.com/bimlabs/feed/index.html]
[www.crantia.com/wp-content/uploads/2024/02/mc-1-01-7.webp]
[www.crantia.com/wp-content/uploads/2024/02/mc-2-01-6.webp]
[www.crantia.com/bimlabs/index.html]
[www.crantia.com/wp-content/themes/crantianewtheme/css/stylea297.css]
[www.crantia.com/wp-content/themes/crantianewtheme/css/nava297.css]
[www.crantia.com/wp-content/themes/crantianewtheme/css/responsivea297.css]
[www.crantia.com/indexdd23.html]
[www.crantia.com/wp-content/themes/crantianewtheme/css/stylea6a2.css]
[www.crantia.com/wp-content/themes/crantianewtheme/css/nava6a2.css]
[www.crantia.com/wp-content/themes/crantianewtheme/css/responsivea6a2.css]
[www.crantia.com/index5c90.html]
[www.crantia.com/index4837.html]
[www.crantia.com/index2dc4.html]
[www.crantia.com/wp-content/uploads/2024/05/insidestory.svg]
[www.crantia.com/wp-content/uploads/2024/05/radianz.svg]
[www.crantia.com/wp-content/themes/crantianewtheme/css/style1560.css]
[www.crantia.com/wp-content/themes/crantianewtheme/css/nav1560.css]
[www.crantia.com/wp-content/themes/crantianewtheme/css/responsive1560.css]
[www.crantia.com/index0e62.html]
[www.crantia.com/index341b.html]
[www.crantia.com/wp-content/uploads/2024/05/zoeoverseas.svg]
[www.crantia.com/wp-content/uploads/2024/05/s2homes.svg]
[www.crantia.com/wp-content/uploads/2024/05/nanogence.svg]
[www.crantia.com/wp-content/uploads/2024/05/logo3.svg]
[www.crantia.com/wp-content/uploads/2024/05/logo-5.svg]
[www.crantia.com/wp-content/uploads/2024/05/footerlogo.svg]
[www.crantia.com/wp-content/uploads/2024/05/Vector-4.svg]
[www.crantia.com/wp-content/uploads/2024/05/mathatituyoga.svg]
[www.crantia.com/wp-content/uploads/2024/05/mindminders.svg]
[www.crantia.com/wp-content/uploads/2024/05/systeller.svg]
[www.crantia.com/wp-content/uploads/2024/05/egl.svg]
[www.crantia.com/wp-content/uploads/2024/05/efficient.svg]
[www.crantia.com/wp-content/uploads/2024/05/eaglelogo.svg]
[www.crantia.com/wp-content/uploads/2024/05/animac.svg]
[www.crantia.com/wp-content/uploads/2024/05/jes.svg]
[www.crantia.com/wp-content/uploads/2024/05/logo-4.svg]
[www.crantia.com/wp-content/uploads/2024/05/logo-1536x355-1.svg]
[www.crantia.com/wp-content/uploads/2024/05/c11.svg]
[www.crantia.com/wp-content/uploads/2024/05/c9.svg]
[www.crantia.com/wp-content/uploads/2024/05/c8.svg]
[www.crantia.com/wp-content/uploads/2024/05/c5.svg]
[www.crantia.com/wp-content/uploads/2024/05/c4.svg]
[www.crantia.com/wp-content/uploads/2024/05/1715339413773-removebg-preview.svg]
[www.crantia.com/wp-content/uploads/2024/05/build.svg]
[www.crantia.com/wp-content/uploads/2024/05/Vector-2.svg]
[www.crantia.com/wp-content/uploads/2024/05/optime-01.svg]
[www.crantia.com/wp-content/uploads/2024/05/car.svg]
[www.crantia.com/wp-content/themes/crantianewtheme/css/stylefb09.css]
[www.crantia.com/wp-content/themes/crantianewtheme/css/navfb09.css]
[www.crantia.com/wp-content/themes/crantianewtheme/css/responsivefb09.css]
[www.crantia.com/indexba52.html]
[www.crantia.com/wp-content/themes/crantianewtheme/css/style885e.css]
[www.crantia.com/wp-content/themes/crantianewtheme/css/nav885e.css]
[www.crantia.com/wp-content/themes/crantianewtheme/css/responsive885e.css]
[www.crantia.com/wp-json/wp/v2/posts/646.json]
[www.crantia.com/wp-json/oembed/1.0/embedee47.json]
[www.crantia.com/pinnacle/feed/index.html]
[www.crantia.com/wp-json/oembed/1.0/embedeb75]
[www.crantia.com/wp-content/uploads/2024/02/page-1-01-2-scaled.webp]
[www.crantia.com/wp-content/uploads/2024/02/page-2-01-2-scaled.webp]
[www.crantia.com/wp-content/uploads/2024/02/page-3-01-2-scaled.webp]
[www.crantia.com/pinnacle/index.html]
[www.crantia.com/wp-content/themes/crantianewtheme/css/style198b.css]
[www.crantia.com/wp-content/themes/crantianewtheme/css/nav198b.css]
[www.crantia.com/wp-content/themes/crantianewtheme/css/responsive198b.css]
[www.crantia.com/wp-json/wp/v2/posts/219.json]
[www.crantia.com/wp-json/oembed/1.0/embed50f8.json]
[www.crantia.com/mojo-homes/feed/index.html]
[www.crantia.com/wp-json/oembed/1.0/embed7719]
[www.crantia.com/wp-content/uploads/2024/01/mc-1-8.webp]
[www.crantia.com/wp-content/uploads/2024/01/mc-2-9.webp]
[www.crantia.com/mojo-homes/index.html]
[www.crantia.com/wp-content/uploads/2024/01/mc-3-7.webp]
[www.crantia.com/wp-content/themes/crantianewtheme/css/style8cee.css]
[www.crantia.com/wp-content/themes/crantianewtheme/css/nav8cee.css]
[www.crantia.com/wp-content/themes/crantianewtheme/css/responsive8cee.css]
[www.crantia.com/wp-json/wp/v2/posts/639.json]
[www.crantia.com/wp-json/oembed/1.0/embed43bc.json]
[www.crantia.com/wp-json/oembed/1.0/embed53c0]
[www.crantia.com/wp-content/uploads/2024/02/page-1-01-1-scaled.webp]
[www.crantia.com/naveen/feed/index.html]
[www.crantia.com/wp-content/uploads/2024/02/page-2-01-1-scaled.webp]
[www.crantia.com/wp-content/uploads/2024/02/page-3-01-1-scaled.webp]
[www.crantia.com/naveen/index.html]
[www.crantia.com/wp-content/themes/crantianewtheme/css/style1de0.css]
[www.crantia.com/wp-content/themes/crantianewtheme/css/nav1de0.css]
[www.crantia.com/wp-content/themes/crantianewtheme/css/responsive1de0.css]
[www.crantia.com/wp-json/wp/v2/posts/225.json]
[www.crantia.com/wp-json/oembed/1.0/embed9ec4.json]
[www.crantia.com/optime/feed/index.html]
[www.crantia.com/wp-json/oembed/1.0/embed6c1d]
[www.crantia.com/wp-content/uploads/2024/01/mc-2-01-1-scaled.webp]
[www.crantia.com/wp-content/uploads/2024/01/mc1-01-1-scaled.webp]
[www.crantia.com/wp-content/uploads/2024/01/mc3-01-scaled.webp]
[www.crantia.com/optime/index.html]
[www.crantia.com/wp-content/themes/crantianewtheme/css/style7aab.css]
[www.crantia.com/wp-content/themes/crantianewtheme/css/nav7aab.css]
[www.crantia.com/wp-content/themes/crantianewtheme/css/responsive7aab.css]
[www.crantia.com/wp-json/wp/v2/posts/185.json]
[www.crantia.com/wp-json/oembed/1.0/embedea07.json]
[www.crantia.com/igds/feed/index.html]
[www.crantia.com/wp-json/oembed/1.0/embeded68]
[www.crantia.com/wp-content/uploads/2024/01/mc-2-01.webp]
[www.crantia.com/wp-content/uploads/2024/01/mc-1-3.webp]
[www.crantia.com/igds/index.html]
[www.crantia.com/wp-json/wp/v2/posts/179.json]
[www.crantia.com/wp-json/oembed/1.0/embedf4ad.json]
[www.crantia.com/e2p/feed/index.html]
[www.crantia.com/wp-json/oembed/1.0/embedd707]
[www.crantia.com/wp-content/uploads/2024/01/mc1-01.webp]
[www.crantia.com/wp-content/uploads/2024/01/mc-2-4.webp]
[www.crantia.com/wp-content/uploads/2024/01/mc-3-2.webp]
[www.crantia.com/e2p/index.html]
[www.crantia.com/wp-json/wp/v2/posts/160.json]
[www.crantia.com/amyntor-tech-solutions/feed/index.html]
[www.crantia.com/wp-json/oembed/1.0/embed9d34.json]
[www.crantia.com/wp-json/oembed/1.0/embed2a65]
[www.crantia.com/wp-content/uploads/2024/01/mc-3.webp]
[www.crantia.com/wp-content/uploads/2024/01/mc-2-2.webp]
[www.crantia.com/amyntor-tech-solutions/index.html]
[www.crantia.com/index0735.html]
[www.crantia.com/wp-content/uploads/2024/01/mc-1-1.webp]
[www.crantia.com/wp-content/themes/crantianewtheme/css/styleeef1.css]
[www.crantia.com/wp-content/themes/crantianewtheme/css/naveef1.css]
[www.crantia.com/wp-content/themes/crantianewtheme/css/responsiveeef1.css]
[www.crantia.com/wp-json/wp/v2/posts/616.json]
[www.crantia.com/how-to-use-ai-in-web-development/feed/index.html]
[www.crantia.com/wp-json/oembed/1.0/embedbbd3.json]
[www.crantia.com/how-to-use-ai-in-web-development/index.html]
[www.crantia.com/wp-json/oembed/1.0/embeda3d6]
[www.crantia.com/wp-content/themes/crantianewtheme/css/stylecedb.css]
[www.crantia.com/wp-content/themes/crantianewtheme/css/navcedb.css]
[www.crantia.com/wp-content/themes/crantianewtheme/css/responsivecedb.css]
[www.crantia.com/wp-json/wp/v2/posts/613.json]
[www.crantia.com/digital-media-strategies-for-businesses-in-trivandrum/feed/index.html]
[www.crantia.com/wp-json/oembed/1.0/embede35d.json]
[www.crantia.com/wp-json/oembed/1.0/embed6a63]
[www.crantia.com/digital-media-strategies-for-businesses-in-trivandrum/index.html]
[www.crantia.com/wp-content/themes/crantianewtheme/css/style98ef.css]
[www.crantia.com/wp-content/themes/crantianewtheme/css/nav98ef.css]
[www.crantia.com/wp-content/themes/crantianewtheme/css/responsive98ef.css]
[www.crantia.com/wp-json/wp/v2/posts/609.json]
[www.crantia.com/wp-json/oembed/1.0/embeddfcd.json]
[www.crantia.com/wp-json/oembed/1.0/embede6c2]
[www.crantia.com/how-to-create-a-successful-website-that-ranks-gets-read-and-converts/feed/index.html]
[www.crantia.com/our-works]
[www.crantia.com/how-to-create-a-successful-website-that-ranks-gets-read-and-converts/index.html]
[www.crantia.com/wp-json/wp/v2/posts/603.json]
[www.crantia.com/web-3-0-a-beginners-guide/feed/index.html]
[www.crantia.com/wp-json/oembed/1.0/embedf6eb.json]
[www.crantia.com/web-3-0-a-beginners-guide/index.html]
[www.crantia.com/wp-json/oembed/1.0/embed20e8]
[www.crantia.com/wp-content/themes/crantianewtheme/css/style841d.css]
[www.crantia.com/wp-content/themes/crantianewtheme/css/nav841d.css]
[www.crantia.com/wp-content/themes/crantianewtheme/css/responsive841d.css]
[www.crantia.com/wp-json/wp/v2/posts/600.json]
[www.crantia.com/wp-json/oembed/1.0/embed3447.json]
[www.crantia.com/wp-json/oembed/1.0/embed1ae1]
[www.crantia.com/9-best-multipurpose-wordpress-themes/index.html]
[www.crantia.com/wp-content/themes/crantianewtheme/css/styled353.css]
[www.crantia.com/9-best-multipurpose-wordpress-themes/feed/index.html]
[www.crantia.com/wp-content/themes/crantianewtheme/css/navd353.css]
[www.crantia.com/wp-content/themes/crantianewtheme/css/responsived353.css]
[www.crantia.com/wp-json/wp/v2/posts/596.json]
[www.crantia.com/wp-json/oembed/1.0/embed1af8.json]
[www.crantia.com/wp-json/oembed/1.0/embed88d1]
[www.crantia.com/new-seo-strategies-for-a-perfect-content-development/index.html]
[www.crantia.com/new-seo-strategies-for-a-perfect-content-development/feed/index.html]
[www.crantia.com/wp-json/wp/v2/posts/593.json]
[www.crantia.com/wp-json/oembed/1.0/embedd1a0.json]
[www.crantia.com/building-a-brand-strategy-essentials-for-long-term-success/feed/index.html]
[www.crantia.com/building-a-brand-strategy-essentials-for-long-term-success/index.html]
[www.crantia.com/wp-json/oembed/1.0/embed6ff6]
[www.crantia.com/wp-content/themes/crantianewtheme/css/style7275.css]
[www.crantia.com/wp-content/themes/crantianewtheme/css/nav7275.css]
[www.crantia.com/wp-content/themes/crantianewtheme/css/responsive7275.css]
[www.crantia.com/wp-json/wp/v2/posts/590.json]
[www.crantia.com/wp-json/oembed/1.0/embed9647.json]
[www.crantia.com/wp-json/oembed/1.0/embed075b]
[www.crantia.com/the-future-and-scope-of-web-development-in-2022-through-the-eyes-of-best-web-development-companies-in-kerala/index.html]
[www.crantia.com/wp-content/themes/crantianewtheme/css/styleac59.css]
[www.crantia.com/the-future-and-scope-of-web-development-in-2022-through-the-eyes-of-best-web-development-companies-in-kerala/feed/index.html]
[www.crantia.com/wp-content/themes/crantianewtheme/css/navac59.css]
[www.crantia.com/wp-content/themes/crantianewtheme/css/responsiveac59.css]
[www.crantia.com/wp-json/wp/v2/posts/587.json]
[www.crantia.com/wp-json/oembed/1.0/embed2332.json]
[www.crantia.com/latest-tips-for-designing-wordpress-websites-in-2022/index.html]
[www.crantia.com/wp-json/oembed/1.0/embed4e5a]
[www.crantia.com/latest-tips-for-designing-wordpress-websites-in-2022/feed/index.html]
[www.crantia.com/wp-content/uploads/2024/02/blog1-1.webp]
[www.crantia.com/insights/page/2/index.html]
[www.crantia.com/index0345.html]
[www.crantia.com/wp-content/themes/crantianewtheme/css/style1156.css]
[www.crantia.com/wp-content/themes/crantianewtheme/css/nav1156.css]
[www.crantia.com/wp-content/themes/crantianewtheme/css/responsive1156.css]
[www.crantia.com/index03bd.html]
[www.crantia.com/wp-content/themes/crantianewtheme/css/styledc2e.css]
[www.crantia.com/whats-going-to-be-the-new-web-designing-trends-updates-in-2022/index.html]
[www.crantia.com/wp-content/themes/crantianewtheme/css/navdc2e.css]
[www.crantia.com/wp-content/themes/crantianewtheme/css/responsivedc2e.css]
[www.crantia.com/wp-json/wp/v2/posts/769.json]
[www.crantia.com/wp-json/oembed/1.0/embed959b.json]
[www.crantia.com/merit-technical-services/feed/index.html]
[www.crantia.com/wp-json/oembed/1.0/embed78c2]
[www.crantia.com/wp-content/uploads/2024/05/1-01.webp]
[www.crantia.com/wp-content/uploads/2024/05/2-01.webp]
[www.crantia.com/wp-content/uploads/2024/05/3-01.webp]
[www.crantia.com/merit-technical-services/index.html]
[www.crantia.com/index8e01.html]
[www.crantia.com/wp-content/themes/crantianewtheme/css/style283d.css]
[www.crantia.com/wp-content/themes/crantianewtheme/css/nav283d.css]
[www.crantia.com/wp-content/themes/crantianewtheme/css/responsive283d.css]
[www.crantia.com/index9751.html]
[www.crantia.com/indexe856.html]
[www.crantia.com/wp-content/themes/crantianewtheme/css/stylec841.css]
[www.crantia.com/wp-content/themes/crantianewtheme/css/navc841.css]
[www.crantia.com/wp-content/themes/crantianewtheme/css/responsivec841.css]
[www.crantia.com/index49a5.html]
[www.crantia.com/wp-content/themes/crantianewtheme/css/stylebce3.css]
[www.crantia.com/wp-content/themes/crantianewtheme/css/navbce3.css]
[www.crantia.com/wp-content/themes/crantianewtheme/css/responsivebce3.css]
[www.crantia.com/index6cf3.html]
[www.crantia.com/wp-content/themes/crantianewtheme/css/style21cd.css]
[www.crantia.com/wp-content/themes/crantianewtheme/css/nav21cd.css]
[www.crantia.com/wp-content/themes/crantianewtheme/css/responsive21cd.css]
[www.crantia.com/index7ef4.html]
[www.crantia.com/wp-content/themes/crantianewtheme/css/stylea392.css]
[www.crantia.com/wp-content/themes/crantianewtheme/css/nava392.css]
[www.crantia.com/wp-content/themes/crantianewtheme/css/responsivea392.css]
[www.crantia.com/indexd0b8.html]
[www.crantia.com/wp-content/themes/crantianewtheme/css/style3914.css]
[www.crantia.com/wp-content/themes/crantianewtheme/css/nav3914.css]
[www.crantia.com/wp-content/themes/crantianewtheme/css/responsive3914.css]
[www.crantia.com/index248a.html]
[www.crantia.com/wp-content/themes/crantianewtheme/images/word_press/word1.svg]
[www.crantia.com/wp-content/themes/crantianewtheme/images/word_press/word2.svg]
[www.crantia.com/wp-content/themes/crantianewtheme/images/word_press/word3.svg]
[www.crantia.com/wp-content/themes/crantianewtheme/images/word_press/word4.svg]
[www.crantia.com/wp-content/themes/crantianewtheme/images/word_press/word5.svg]
[www.crantia.com/wp-content/themes/crantianewtheme/images/word_press/word6.svg]
[www.crantia.com/wp-content/themes/crantianewtheme/images/word_press/word7.svg]
[www.crantia.com/wp-content/themes/crantianewtheme/images/word_press/word8.svg]
[www.crantia.com/wp-content/themes/crantianewtheme/images/word_press/word9.svg]
[www.crantia.com/wp-content/themes/crantianewtheme/images/word_press/word10.svg]
[www.crantia.com/wp-content/themes/crantianewtheme/css/style9b3a.css]
[www.crantia.com/wp-content/themes/crantianewtheme/css/nav9b3a.css]
[www.crantia.com/wp-content/themes/crantianewtheme/css/responsive9b3a.css]
[www.crantia.com/index6996.html]
[www.crantia.com/wp-content/themes/crantianewtheme/css/style09bd.css]
[www.crantia.com/wp-content/themes/crantianewtheme/css/nav09bd.css]
[www.crantia.com/wp-content/themes/crantianewtheme/css/responsive09bd.css]
[www.crantia.com/indexf9b5.html]
[www.crantia.com/wp-content/themes/crantianewtheme/css/style652e.css]
[www.crantia.com/wp-content/themes/crantianewtheme/css/nav652e.css]
[www.crantia.com/wp-content/themes/crantianewtheme/css/responsive652e.css]
[www.crantia.com/index7033.html]
[www.crantia.com/wp-content/themes/crantianewtheme/images/social_media_marketing/brand.svg]
[www.crantia.com/wp-content/themes/crantianewtheme/images/social_media_marketing/content.svg]
[www.crantia.com/wp-content/themes/crantianewtheme/images/social_media_marketing/channel.svg]
[www.crantia.com/wp-content/themes/crantianewtheme/images/social_media_marketing/content_copy.svg]
[www.crantia.com/wp-content/themes/crantianewtheme/images/social_media_marketing/social_creatives.svg]
[www.crantia.com/wp-content/themes/crantianewtheme/images/social_media_marketing/social_management.svg]
[www.crantia.com/wp-content/themes/crantianewtheme/images/social_media_marketing/paid_ads.svg]
[www.crantia.com/wp-content/themes/crantianewtheme/images/social_media_marketing/influencer.svg]
[www.crantia.com/wp-content/themes/crantianewtheme/images/social_media_marketing/reporting.svg]
[www.crantia.com/wp-content/themes/crantianewtheme/images/social_media_marketing/support.svg]
[www.crantia.com/wp-content/themes/crantianewtheme/css/style93f8.css]
[www.crantia.com/wp-content/themes/crantianewtheme/css/nav93f8.css]
[www.crantia.com/wp-content/themes/crantianewtheme/css/responsive93f8.css]
[www.crantia.com/index2c3d.html]
[www.crantia.com/wp-content/themes/crantianewtheme/images/seo/seo1.svg]
[www.crantia.com/wp-content/themes/crantianewtheme/images/seo/seo2.svg]
[www.crantia.com/wp-content/themes/crantianewtheme/images/seo/seo3.svg]
[www.crantia.com/wp-content/themes/crantianewtheme/images/seo/seo4.svg]
[www.crantia.com/wp-content/themes/crantianewtheme/images/seo/seo5.svg]
[www.crantia.com/wp-content/themes/crantianewtheme/images/seo/seo6.svg]
[www.crantia.com/wp-content/themes/crantianewtheme/images/seo/seo7.svg]
[www.crantia.com/wp-content/themes/crantianewtheme/images/seo/seo8.svg]
[www.crantia.com/wp-content/themes/crantianewtheme/images/seo/seo9.svg]
[www.crantia.com/wp-content/themes/crantianewtheme/images/seo/seo10.svg]
[www.crantia.com/wp-content/themes/crantianewtheme/css/styled212.css]
[www.crantia.com/wp-content/themes/crantianewtheme/css/navd212.css]
[www.crantia.com/wp-content/themes/crantianewtheme/css/responsived212.css]
[www.crantia.com/indexc9bf.html]
[www.crantia.com/wp-content/themes/crantianewtheme/css/style020e.css]
[www.crantia.com/wp-content/themes/crantianewtheme/css/nav020e.css]
[www.crantia.com/wp-content/themes/crantianewtheme/css/responsive020e.css]
[www.crantia.com/index481e.html]
[www.crantia.com/wp-content/themes/crantianewtheme/css/style885e.css]
[www.crantia.com/wp-content/themes/crantianewtheme/css/nav885e.css]
[www.crantia.com/wp-content/themes/crantianewtheme/css/responsive885e.css]
[www.crantia.com/index8bcd.html]
[www.crantia.com/wp-content/themes/crantianewtheme/css/style198b.css]
[www.crantia.com/wp-content/themes/crantianewtheme/css/nav198b.css]
[www.crantia.com/wp-content/themes/crantianewtheme/css/responsive198b.css]
[www.crantia.com/index50f6.html]
[www.crantia.com/wp-content/themes/crantianewtheme/css/style8cee.css]
[www.crantia.com/wp-content/themes/crantianewtheme/css/nav8cee.css]
[www.crantia.com/wp-content/themes/crantianewtheme/css/responsive8cee.css]
[www.crantia.com/index071d.html]
[www.crantia.com/wp-content/themes/crantianewtheme/css/style1de0.css]
[www.crantia.com/wp-content/themes/crantianewtheme/css/nav1de0.css]
[www.crantia.com/wp-content/themes/crantianewtheme/css/responsive1de0.css]
[www.crantia.com/indexfa80.html]
[www.crantia.com/wp-content/themes/crantianewtheme/css/style7aab.css]
[www.crantia.com/wp-content/themes/crantianewtheme/css/nav7aab.css]
[www.crantia.com/wp-content/themes/crantianewtheme/css/responsive7aab.css]
[www.crantia.com/indexb998.html]
[www.crantia.com/indexccf8.html]
[www.crantia.com/index9c2b.html]
[www.crantia.com/wp-content/themes/crantianewtheme/css/styleeef1.css]
[www.crantia.com/wp-content/themes/crantianewtheme/css/naveef1.css]
[www.crantia.com/wp-content/themes/crantianewtheme/css/responsiveeef1.css]
[www.crantia.com/index8372.html]
[www.crantia.com/wp-content/themes/crantianewtheme/css/stylecedb.css]
[www.crantia.com/wp-content/themes/crantianewtheme/css/navcedb.css]
[www.crantia.com/wp-content/themes/crantianewtheme/css/responsivecedb.css]
[www.crantia.com/index44fb.html]
[www.crantia.com/wp-content/themes/crantianewtheme/css/style98ef.css]
[www.crantia.com/wp-content/themes/crantianewtheme/css/nav98ef.css]
[www.crantia.com/wp-content/themes/crantianewtheme/css/responsive98ef.css]
[www.crantia.com/index93f8.html]
[www.crantia.com/our-works.html]
[www.crantia.com/index7aeb.html]
[www.crantia.com/wp-content/themes/crantianewtheme/css/style841d.css]
[www.crantia.com/wp-content/themes/crantianewtheme/css/nav841d.css]
[www.crantia.com/wp-content/themes/crantianewtheme/css/responsive841d.css]
[www.crantia.com/index2b8b.html]
[www.crantia.com/wp-content/themes/crantianewtheme/css/styled353.css]
[www.crantia.com/wp-content/themes/crantianewtheme/css/navd353.css]
[www.crantia.com/wp-content/themes/crantianewtheme/css/responsived353.css]
[www.crantia.com/indexbc2b.html]
[www.crantia.com/index4808.html]
[www.crantia.com/wp-content/themes/crantianewtheme/css/style7275.css]
[www.crantia.com/wp-content/themes/crantianewtheme/css/nav7275.css]
[www.crantia.com/wp-content/themes/crantianewtheme/css/responsive7275.css]
[www.crantia.com/indexa42a.html]
[www.crantia.com/wp-content/themes/crantianewtheme/css/styleac59.css]
[www.crantia.com/wp-content/themes/crantianewtheme/css/navac59.css]
[www.crantia.com/wp-content/themes/crantianewtheme/css/responsiveac59.css]
[www.crantia.com/index4c2b.html]
[www.crantia.com/wp-content/themes/crantianewtheme/css/stylecda1.css]
[www.crantia.com/wp-content/themes/crantianewtheme/css/navcda1.css]
[www.crantia.com/wp-content/themes/crantianewtheme/css/responsivecda1.css]
[www.crantia.com/wp-json/wp/v2/posts/584.json]
[www.crantia.com/whats-going-to-be-the-new-web-designing-trends-updates-in-2022/feed/index.html]
[www.crantia.com/wp-json/oembed/1.0/embed734f.json]
[www.crantia.com/whats-going-to-be-the-new-web-designing-trends-updates-in-2022/index.html]
[www.crantia.com/insights/page/1/index.html]
[www.crantia.com/wp-content/themes/crantianewtheme/css/styledc2e.css]
[www.crantia.com/wp-content/themes/crantianewtheme/css/navdc2e.css]
[www.crantia.com/wp-content/themes/crantianewtheme/css/responsivedc2e.css]
[www.crantia.com/index5dce.html]
[www.crantia.com/wp-content/themes/crantianewtheme/css/stylecda1.css]
[www.crantia.com/wp-content/themes/crantianewtheme/css/navcda1.css]
[www.crantia.com/wp-json/oembed/1.0/embed5406]
[www.crantia.com/wp-content/themes/crantianewtheme/css/responsivecda1.css]
[www.crantia.com/index63e6.html]
